<html>
<body>
<pre>
<h1>µVision Build Log</h1>
<h2>Project:</h2>
C:\Users\Wolf\Documents\ST7735_4F120_hard\ST7735_4F120\ST7735.uvproj
Project File Date:  03/01/2014

<h2>Output:</h2>
Build target 'ST7735'
compiling ST7735.c...
ST7735.c(393): warning:  #177-D: function "transmit_byte" was declared but never referenced
  void static transmit_byte(unsigned char c){
ST7735.c: 1 warning, 0 errors
compiling ST7735TestMain.c...
ST7735TestMain.c(612): warning:  #111-D: statement is unreachable
    red = 255;
ST7735TestMain.c(494): warning:  #177-D: variable "r" was declared but never referenced
        unsigned char r[4]={1,2,3,4},m,i,j;
ST7735TestMain.c(494): warning:  #177-D: variable "m" was declared but never referenced
        unsigned char r[4]={1,2,3,4},m,i,j;
ST7735TestMain.c(494): warning:  #177-D: variable "i" was declared but never referenced
        unsigned char r[4]={1,2,3,4},m,i,j;
ST7735TestMain.c(494): warning:  #177-D: variable "j" was declared but never referenced
        unsigned char r[4]={1,2,3,4},m,i,j;
ST7735TestMain.c: 5 warnings, 0 errors
linking...
Program Size: Code=6552 RO-data=14408 RW-data=8 ZI-data=1120  
".\ST7735.axf" - 0 Error(s), 6 Warning(s).
Load "C:\\Users\\Wolf\\Documents\\ST7735_4F120_hard\\ST7735_4F120\\ST7735.axf" 
Connecting: Mode=JTAG, Speed=1000000Hz
Erase Done.
Programming Done.
Verify OK.
</pre>
</body>
</html>
